// Jest Snapshot v1, https://goo.gl/fbAQLP

exports[`Licensing-service-account should match with snapshot 1`] = `
Array [
  Object {
    "apiVersion": "v1",
    "imagePullSecrets": Array [
      Object {
        "name": "ImagePullSecret",
      },
    ],
    "kind": "ServiceAccount",
    "metadata": Object {
      "name": "service-account",
      "namespace": "dummy-namespace",
    },
  },
  Object {
    "apiVersion": "rbac.authorization.k8s.io/v1",
    "kind": "Role",
    "metadata": Object {
      "name": "service-account",
      "namespace": "dummy-namespace",
    },
    "rules": Array [
      Object {
        "apiGroups": Array [
          "",
        ],
        "resources": Array [
          "pods",
        ],
        "verbs": Array [
          "get",
          "list",
          "watch",
        ],
      },
    ],
  },
  Object {
    "apiVersion": "rbac.authorization.k8s.io/v1",
    "kind": "RoleBinding",
    "metadata": Object {
      "name": "service-account",
      "namespace": "dummy-namespace",
    },
    "roleRef": Object {
      "apiGroup": "rbac.authorization.k8s.io",
      "kind": "Role",
      "name": "service-account",
    },
    "subjects": Array [
      Object {
        "kind": "ServiceAccount",
        "name": "service-account",
      },
    ],
  },
]
`;
