// Jest Snapshot v1, https://goo.gl/fbAQLP

exports[`licensing-local-chart should match with snapshot 1`] = `
Array [
  Object {
    "apiVersion": "v1",
    "imagePullSecrets": Array [],
    "kind": "ServiceAccount",
    "metadata": Object {
      "name": "licensing-service-account",
      "namespace": "dummy-namespace",
    },
  },
  Object {
    "apiVersion": "rbac.authorization.k8s.io/v1",
    "kind": "Role",
    "metadata": Object {
      "name": "licensing-role",
      "namespace": "dummy-namespace",
    },
    "rules": Array [
      Object {
        "apiGroups": Array [
          "",
        ],
        "resources": Array [
          "pods",
        ],
        "verbs": Array [
          "get",
          "list",
          "watch",
        ],
      },
    ],
  },
  Object {
    "apiVersion": "rbac.authorization.k8s.io/v1",
    "kind": "RoleBinding",
    "metadata": Object {
      "name": "licensing-role-binding",
      "namespace": "dummy-namespace",
    },
    "roleRef": Object {
      "apiGroup": "rbac.authorization.k8s.io",
      "kind": "Role",
      "name": "licensing-role",
    },
    "subjects": Array [
      Object {
        "kind": "ServiceAccount",
        "name": "licensing-service-account",
      },
    ],
  },
  Object {
    "apiVersion": "v1",
    "data": Object {
      "APM_ENABLED": "false",
      "APM_TRANSACTION_SAMPLE_RATE": "0.1",
      "APM_URL": "",
      "LOG_FORMAT": "console",
      "LOG_LEVEL": "DEBUG",
      "SEGMENT": "loc00",
    },
    "immutable": false,
    "kind": "ConfigMap",
    "metadata": Object {
      "name": "licensing-configmap",
      "namespace": "dummy-namespace",
    },
  },
  Object {
    "apiVersion": "apps/v1",
    "kind": "Deployment",
    "metadata": Object {
      "name": "licensing-api-deployment",
      "namespace": "dummy-namespace",
    },
    "spec": Object {
      "replicas": 1,
      "selector": Object {
        "matchLabels": Object {
          "app": "licensing-api",
        },
      },
      "template": Object {
        "metadata": Object {
          "labels": Object {
            "app": "licensing-api",
            "deploymentId": "licensing-api-11defd82800",
          },
        },
        "spec": Object {
          "containers": Array [
            Object {
              "envFrom": Array [
                Object {
                  "configMapRef": Object {
                    "name": "licensing-configmap",
                  },
                },
                Object {
                  "secretRef": Object {
                    "name": "pgChart.secret.name",
                  },
                },
                Object {
                  "secretRef": Object {
                    "name": "loc00-application-secret",
                  },
                },
              ],
              "image": "bm-licensing",
              "imagePullPolicy": "IfNotPresent",
              "livenessProbe": Object {
                "httpGet": Object {
                  "path": "/v1/status",
                  "port": 8000,
                },
                "initialDelaySeconds": 10,
              },
              "name": "licensing-api",
              "ports": Array [
                Object {
                  "containerPort": 8000,
                },
              ],
              "readinessProbe": Object {
                "httpGet": Object {
                  "path": "/v1/status",
                  "port": 8000,
                },
                "initialDelaySeconds": 10,
              },
            },
          ],
          "initContainers": Array [
            Object {
              "command": Array [
                "sh",
                "-c",
                "until pg_isready --host \${DB_HOST}; do sleep 1; done",
              ],
              "envFrom": Array [
                Object {
                  "configMapRef": Object {
                    "name": "licensing-configmap",
                  },
                },
                Object {
                  "secretRef": Object {
                    "name": "pgChart.secret.name",
                  },
                },
                Object {
                  "secretRef": Object {
                    "name": "loc00-application-secret",
                  },
                },
              ],
              "image": "postgres:14",
              "imagePullPolicy": "IfNotPresent",
              "name": "licensing-api-wait-for-database",
              "resources": Object {
                "limits": Object {
                  "cpu": 0.2,
                  "memory": "64Mi",
                },
                "requests": Object {
                  "cpu": 0.1,
                  "memory": "32Mi",
                },
              },
            },
            Object {
              "args": Array [
                "alembic upgrade head",
              ],
              "command": Array [
                "bash",
                "-c",
              ],
              "envFrom": Array [
                Object {
                  "configMapRef": Object {
                    "name": "licensing-configmap",
                  },
                },
                Object {
                  "secretRef": Object {
                    "name": "pgChart.secret.name",
                  },
                },
                Object {
                  "secretRef": Object {
                    "name": "loc00-application-secret",
                  },
                },
              ],
              "image": "bm-licensing",
              "imagePullPolicy": "IfNotPresent",
              "name": "licensing-api-migration",
            },
            Object {
              "args": Array [
                "echo \\"TODO: load_initial_products here\\"",
              ],
              "command": Array [
                "bash",
                "-c",
              ],
              "envFrom": Array [
                Object {
                  "configMapRef": Object {
                    "name": "licensing-configmap",
                  },
                },
                Object {
                  "secretRef": Object {
                    "name": "pgChart.secret.name",
                  },
                },
                Object {
                  "secretRef": Object {
                    "name": "loc00-application-secret",
                  },
                },
              ],
              "image": "bm-licensing",
              "imagePullPolicy": "IfNotPresent",
              "name": "licensing-api-load-fixtures",
            },
          ],
          "serviceAccountName": "licensing-service-account",
        },
      },
    },
  },
  Object {
    "apiVersion": "v1",
    "kind": "Service",
    "metadata": Object {
      "name": "licensing-api",
      "namespace": "dummy-namespace",
    },
    "spec": Object {
      "ports": Array [
        Object {
          "port": 80,
          "targetPort": 8000,
        },
      ],
      "selector": Object {
        "app": "licensing-api",
      },
      "type": "ClusterIP",
    },
  },
  Object {
    "apiVersion": "networking.k8s.io/v1",
    "kind": "Ingress",
    "metadata": Object {
      "name": "licensing-ingress",
      "namespace": "dummy-namespace",
    },
    "spec": Object {
      "ingressClassName": "nginx",
      "rules": Array [
        Object {
          "http": Object {
            "paths": Array [
              Object {
                "backend": Object {
                  "service": Object {
                    "name": "licensing-api",
                    "port": Object {
                      "number": 80,
                    },
                  },
                },
                "path": "/",
                "pathType": "Prefix",
              },
            ],
          },
        },
      ],
    },
  },
]
`;
